NULL_TYPE >>> 80
	result is 80
TYPE >>> 88
	result is 88
BOOLEAN >>> 100
	result is 100
INTEGER >>> 128
	result is 128
IEEE >>> 182
	result is 182
CHARACTER >>> 197
	result is 197
NULL_PHYLUM >>> 209
	result is 209
PHYLUM >>> 243
	result is 243
MAKE_LATTICE >>> 324
	result is 324
		type formal is 309 <L>
		 >>>><<<<< BASIC
MAX_LATTICE >>> 352
	result is 352
MIN_LATTICE >>> 354
	result is 354
SEQUENCE >>> 449
	result is 449
BAG >>> 475
	result is 475
LIST >>> 506
	result is 506
SET >>> 548
	result is 548
MULTISET >>> 568
	result is 568
ORDERED_SET >>> 600
	result is 600
ORDERED_MULTISET >>> 632
	result is 632
UNION_LATTICE >>> 635
	result is 635
INTERSECTION_LATTICE >>> 637
	result is 637
PAIR >>> 668
	result is 668
STRING >>> 674
	result is 674
SIMPLE >>> 28
	result is 28
NAME_RESOLUTION >>> 158
	result is 158
		type formal is 4 <T>
		 >>>><<<<< SIMPLE
Scheduling order for Program
1- G[Program]'shared_info
1- G[Program]'shared_info$int_shape.entity_used
1- G[Program]'shared_info$str_shape.entity_used
1- G[Program]'shared_info$root_scope
1- G[Program]'shared_info$not_found
1- G[Program]'shared_info$int_shape
1- G[Program]'shared_info$str_shape
1- G[Program]'shared_info$no_shape
1+ G[Program]'shared_info$int_shape.entity_used!
1+ G[Program]'shared_info$str_shape.entity_used!
1+ G[Program]'shared_info$msgs!
Scheduling order for Block
1- G[Block]'shared_info
1- G[Block]'shared_info$int_shape.entity_used
1- G[Block]'shared_info$str_shape.entity_used
1- G[Block]'shared_info$root_scope
1- G[Block]'shared_info$not_found
1- G[Block]'shared_info$int_shape
1- G[Block]'shared_info$str_shape
1- G[Block]'shared_info$no_shape
1- block_scope
1- block_scope$enclosing.entities
1- block_scope$enclosing.enclosing
1- block_scope$enclosing
1- block_scope$entities
1+ G[Block]'shared_info$int_shape.entity_used!
1+ G[Block]'shared_info$str_shape.entity_used!
1+ G[Block]'shared_info$msgs!
1+ block_scope$enclosing.entities.entity_used!
1+ block_scope$entities.entity_used!
Scheduling order for Decls
1- G[Decls]'shared_info
1- G[Decls]'shared_info$int_shape.entity_used
1- G[Decls]'shared_info$str_shape.entity_used
1- G[Decls]'shared_info$int_shape
1- G[Decls]'shared_info$str_shape
1- decls_scope
1+ decls_scope$entities!
2- decls_scope$entities!.entity_used!
2+ G[Decls]'shared_info$int_shape.entity_used!
2+ G[Decls]'shared_info$str_shape.entity_used!
2+ G[Decls]'shared_info$msgs!
Scheduling order for Decl
1- G[Decl]'shared_info
1- G[Decl]'shared_info$int_shape.entity_used
1- G[Decl]'shared_info$str_shape.entity_used
1- G[Decl]'shared_info$int_shape
1- G[Decl]'shared_info$str_shape
1- decl_scope
1+ decl_scope$entities!
2- decl_scope$entities!.entity_used!
2+ G[Decl]'shared_info$int_shape.entity_used!
2+ G[Decl]'shared_info$str_shape.entity_used!
2+ G[Decl]'shared_info$msgs!
Scheduling order for Type
1- G[Type]'shared_info
1- G[Type]'shared_info$int_shape.entity_used
1- G[Type]'shared_info$str_shape.entity_used
1- G[Type]'shared_info$int_shape
1- G[Type]'shared_info$str_shape
1+ type_shape
1+ type_shape$entity_used
2- type_shape$entity_used!
2+ G[Type]'shared_info$int_shape.entity_used!
2+ G[Type]'shared_info$str_shape.entity_used!
Scheduling order for Stmts
1- G[Stmts]'shared_info
1- G[Stmts]'shared_info$int_shape.entity_used
1- G[Stmts]'shared_info$str_shape.entity_used
1- G[Stmts]'shared_info$root_scope
1- G[Stmts]'shared_info$not_found
1- G[Stmts]'shared_info$int_shape
1- G[Stmts]'shared_info$str_shape
1- G[Stmts]'shared_info$no_shape
1- stmts_scope
1- stmts_scope$enclosing.entities
1- stmts_scope$enclosing.enclosing
1- stmts_scope$enclosing
1- stmts_scope$entities
1+ G[Stmts]'shared_info$int_shape.entity_used!
1+ G[Stmts]'shared_info$str_shape.entity_used!
1+ G[Stmts]'shared_info$msgs!
1+ stmts_scope$enclosing.entities.entity_used!
1+ stmts_scope$entities.entity_used!
Scheduling order for Stmt
1- G[Stmt]'shared_info
1- G[Stmt]'shared_info$int_shape.entity_used
1- G[Stmt]'shared_info$str_shape.entity_used
1- G[Stmt]'shared_info$root_scope
1- G[Stmt]'shared_info$not_found
1- G[Stmt]'shared_info$int_shape
1- G[Stmt]'shared_info$str_shape
1- G[Stmt]'shared_info$no_shape
1- stmt_scope
1- stmt_scope$enclosing.entities
1- stmt_scope$enclosing.enclosing
1- stmt_scope$enclosing
1- stmt_scope$entities
1+ G[Stmt]'shared_info$int_shape.entity_used!
1+ G[Stmt]'shared_info$str_shape.entity_used!
1+ G[Stmt]'shared_info$msgs!
1+ stmt_scope$enclosing.entities.entity_used!
1+ stmt_scope$entities.entity_used!
Scheduling order for Expr
1- G[Expr]'shared_info
1- G[Expr]'shared_info$root_scope
1- G[Expr]'shared_info$not_found
1- G[Expr]'shared_info$int_shape
1- G[Expr]'shared_info$str_shape
1- G[Expr]'shared_info$no_shape
1- expr_scope
1- expr_scope$enclosing.entities
1- expr_scope$enclosing.enclosing
1- expr_scope$enclosing
1- expr_scope$entities
1+ G[Expr]'shared_info$msgs!
1+ expr_shape
1+ expr_scope$enclosing.entities.entity_used!
1+ expr_scope$entities.entity_used!
Scheduling order for entity_shape
1- G[entity_shape]'shared_info
1- e
1+ result
Scheduling order for lookup
1- G[lookup]'shared_info
1- G[lookup]'shared_info$root_scope
1- G[lookup]'shared_info$not_found
1- scope
1- scope$enclosing.entities
1- scope$enclosing.enclosing
1- scope$enclosing
1- scope$entities
1- name
1+ result
2- result$entity_used!
2+ scope$enclosing.entities.entity_used!
2+ scope$entities.entity_used!
Scheduling conditional total order for entity_shape
entity_shape.G[entity_shape]'shared_info
  entity_shape.e
    <match@29>
      entity_shape.result
        _
          sh
      _
        sh
          entity_shape.result
Scheduling conditional total order for program
p.G[Program]'shared_info
  p.G[Program]'shared_info$int_shape.entity_used
    p.G[Program]'shared_info$str_shape.entity_used
      p.G[Program]'shared_info$root_scope
        p.G[Program]'shared_info$not_found
          p.G[Program]'shared_info$int_shape
            p.G[Program]'shared_info$str_shape
              p.G[Program]'shared_info$no_shape
                b.G[Block]'shared_info
                  b.G[Block]'shared_info$int_shape.entity_used
                    b.G[Block]'shared_info$str_shape.entity_used
                      b.G[Block]'shared_info$root_scope
                        b.G[Block]'shared_info$not_found
                          b.G[Block]'shared_info$int_shape
                            b.G[Block]'shared_info$str_shape
                              b.G[Block]'shared_info$no_shape
                                b.block_scope
                                  b.block_scope$enclosing.entities
                                    b.block_scope$enclosing.enclosing
                                      b.block_scope$enclosing
                                        b.block_scope$entities
                                          b.G[Block]'shared_info$int_shape.entity_used!
                                            p.G[Program]'shared_info$int_shape.entity_used!
                                              b.G[Block]'shared_info$str_shape.entity_used!
                                                p.G[Program]'shared_info$str_shape.entity_used!
                                                  b.G[Block]'shared_info$msgs!
                                                    p.G[Program]'shared_info$msgs!
                                                      b.block_scope$enclosing.entities.entity_used!
                                                        b.block_scope$entities.entity_used!
Scheduling conditional total order for block
b.G[Block]'shared_info
  b.G[Block]'shared_info$int_shape.entity_used
    b.G[Block]'shared_info$str_shape.entity_used
      b.G[Block]'shared_info$root_scope
        b.G[Block]'shared_info$not_found
          b.G[Block]'shared_info$int_shape
            b.G[Block]'shared_info$str_shape
              b.G[Block]'shared_info$no_shape
                b.block_scope
                  b.block_scope$enclosing.entities
                    b.block_scope$enclosing.enclosing
                      b.block_scope$enclosing
                        b.block_scope$entities
                          ds.G[Decls]'shared_info
                            ds.G[Decls]'shared_info$int_shape.entity_used
                              ds.G[Decls]'shared_info$str_shape.entity_used
                                ds.G[Decls]'shared_info$int_shape
                                  ds.G[Decls]'shared_info$str_shape
                                    ss.G[Stmts]'shared_info
                                      ss.G[Stmts]'shared_info$int_shape.entity_used
                                        ss.G[Stmts]'shared_info$str_shape.entity_used
                                          ss.G[Stmts]'shared_info$root_scope
                                            ss.G[Stmts]'shared_info$not_found
                                              ss.G[Stmts]'shared_info$int_shape
                                                ss.G[Stmts]'shared_info$str_shape
                                                  ss.G[Stmts]'shared_info$no_shape
                                                    c
                                                      ds.decls_scope
                                                        ds.decls_scope$entities!
                                                          ss.stmts_scope
                                                            c$enclosing!.enclosing.entities
                                                              c$enclosing!.entities
                                                                c$enclosing.entities
                                                                  ss.stmts_scope$enclosing.entities
                                                                    c$enclosing!.enclosing.enclosing
                                                                      c$enclosing!.enclosing
                                                                        c$enclosing.enclosing
                                                                          ss.stmts_scope$enclosing.enclosing
                                                                            c$enclosing!
                                                                              c$enclosing
                                                                                ss.stmts_scope$enclosing
                                                                                  c$entities!
                                                                                    c$entities
                                                                                      ss.stmts_scope$entities
                                                                                        ss.G[Stmts]'shared_info$int_shape.entity_used!
                                                                                          ss.G[Stmts]'shared_info$str_shape.entity_used!
                                                                                            ss.G[Stmts]'shared_info$msgs!
                                                                                              ss.stmts_scope$enclosing.entities.entity_used!
                                                                                                ss.stmts_scope$entities.entity_used!
                                                                                                  c$enclosing.entities.entity_used!
                                                                                                    c$enclosing!.enclosing.entities.entity_used!
                                                                                                      b.block_scope$enclosing.entities.entity_used!
                                                                                                        c$enclosing!.entities.entity_used!
                                                                                                          b.block_scope$entities.entity_used!
                                                                                                            c$entities.entity_used!
                                                                                                              c$entities!.entity_used!
                                                                                                                ds.decls_scope$entities!.entity_used!
                                                                                                                  ds.G[Decls]'shared_info$int_shape.entity_used!
                                                                                                                    b.G[Block]'shared_info$int_shape.entity_used!
                                                                                                                      ds.G[Decls]'shared_info$str_shape.entity_used!
                                                                                                                        b.G[Block]'shared_info$str_shape.entity_used!
                                                                                                                          ds.G[Decls]'shared_info$msgs!
                                                                                                                            b.G[Block]'shared_info$msgs!
Scheduling conditional total order for no_decls
_.G[Decls]'shared_info
  _.G[Decls]'shared_info$int_shape.entity_used
    _.G[Decls]'shared_info$str_shape.entity_used
      _.G[Decls]'shared_info$int_shape
        _.G[Decls]'shared_info$str_shape
          _.decls_scope
            _.decls_scope$entities!
              _.decls_scope$entities!.entity_used!
                _.G[Decls]'shared_info$int_shape.entity_used!
                  _.G[Decls]'shared_info$str_shape.entity_used!
                    _.G[Decls]'shared_info$msgs!
Scheduling conditional total order for xcons_decls
ds0.G[Decls]'shared_info
  ds0.G[Decls]'shared_info$int_shape.entity_used
    ds0.G[Decls]'shared_info$str_shape.entity_used
      ds0.G[Decls]'shared_info$int_shape
        ds0.G[Decls]'shared_info$str_shape
          ds0.decls_scope
            ds1.G[Decls]'shared_info
              ds1.G[Decls]'shared_info$int_shape.entity_used
                ds1.G[Decls]'shared_info$str_shape.entity_used
                  ds1.G[Decls]'shared_info$int_shape
                    ds1.G[Decls]'shared_info$str_shape
                      ds1.decls_scope
                        ds1.decls_scope$entities!
                          d.G[Decl]'shared_info
                            d.G[Decl]'shared_info$int_shape.entity_used
                              d.G[Decl]'shared_info$str_shape.entity_used
                                d.G[Decl]'shared_info$int_shape
                                  d.G[Decl]'shared_info$str_shape
                                    d.decl_scope
                                      d.decl_scope$entities!
                                        ds0.decls_scope$entities!
                                          ds0.decls_scope$entities!.entity_used!
                                            ds1.decls_scope$entities!.entity_used!
                                              ds1.G[Decls]'shared_info$int_shape.entity_used!
                                                ds1.G[Decls]'shared_info$str_shape.entity_used!
                                                  ds1.G[Decls]'shared_info$msgs!
                                                    d.decl_scope$entities!.entity_used!
                                                      d.G[Decl]'shared_info$int_shape.entity_used!
                                                        ds0.G[Decls]'shared_info$int_shape.entity_used!
                                                          d.G[Decl]'shared_info$str_shape.entity_used!
                                                            ds0.G[Decls]'shared_info$str_shape.entity_used!
                                                              d.G[Decl]'shared_info$msgs!
                                                                ds0.G[Decls]'shared_info$msgs!
Scheduling conditional total order for decl
d.G[Decl]'shared_info
  d.G[Decl]'shared_info$int_shape.entity_used
    d.G[Decl]'shared_info$str_shape.entity_used
      d.G[Decl]'shared_info$int_shape
        d.G[Decl]'shared_info$str_shape
          d.decl_scope
            ty.G[Type]'shared_info
              ty.G[Type]'shared_info$int_shape.entity_used
                ty.G[Type]'shared_info$str_shape.entity_used
                  ty.G[Type]'shared_info$int_shape
                    ty.G[Type]'shared_info$str_shape
                      ty.type_shape
                        ty.type_shape$entity_used
                          e
                            d.decl_scope$entities!
                              d.decl_scope$entities!.entity_used!
                                e$entity_used!
                                  ty.type_shape$entity_used!
                                    ty.G[Type]'shared_info$int_shape.entity_used!
                                      d.G[Decl]'shared_info$int_shape.entity_used!
                                        ty.G[Type]'shared_info$str_shape.entity_used!
                                          d.G[Decl]'shared_info$str_shape.entity_used!
                                            e$entity_used
                                              <cond@92>
                                                d.G[Decl]'shared_info$msgs!
                                                d.G[Decl]'shared_info$msgs!
Scheduling conditional total order for integer_type
t.G[Type]'shared_info
  t.G[Type]'shared_info$int_shape.entity_used
    t.G[Type]'shared_info$str_shape.entity_used
      t.G[Type]'shared_info$int_shape
        t.G[Type]'shared_info$str_shape
          t.type_shape
            t.type_shape$entity_used
              t.type_shape$entity_used!
                t.G[Type]'shared_info$int_shape.entity_used!
                  t.G[Type]'shared_info$str_shape.entity_used!
Scheduling conditional total order for string_type
t.G[Type]'shared_info
  t.G[Type]'shared_info$int_shape.entity_used
    t.G[Type]'shared_info$str_shape.entity_used
      t.G[Type]'shared_info$int_shape
        t.G[Type]'shared_info$str_shape
          t.type_shape
            t.type_shape$entity_used
              t.type_shape$entity_used!
                t.G[Type]'shared_info$int_shape.entity_used!
                  t.G[Type]'shared_info$str_shape.entity_used!
Scheduling conditional total order for no_stmts
_.G[Stmts]'shared_info
  _.G[Stmts]'shared_info$int_shape.entity_used
    _.G[Stmts]'shared_info$str_shape.entity_used
      _.G[Stmts]'shared_info$root_scope
        _.G[Stmts]'shared_info$not_found
          _.G[Stmts]'shared_info$int_shape
            _.G[Stmts]'shared_info$str_shape
              _.G[Stmts]'shared_info$no_shape
                _.stmts_scope
                  _.stmts_scope$enclosing.entities
                    _.stmts_scope$enclosing.enclosing
                      _.stmts_scope$enclosing
                        _.stmts_scope$entities
                          _.G[Stmts]'shared_info$int_shape.entity_used!
                            _.G[Stmts]'shared_info$str_shape.entity_used!
                              _.G[Stmts]'shared_info$msgs!
                                _.stmts_scope$enclosing.entities.entity_used!
                                  _.stmts_scope$entities.entity_used!
Scheduling conditional total order for xcons_stmts
ss0.G[Stmts]'shared_info
  ss0.G[Stmts]'shared_info$int_shape.entity_used
    ss0.G[Stmts]'shared_info$str_shape.entity_used
      ss0.G[Stmts]'shared_info$root_scope
        ss0.G[Stmts]'shared_info$not_found
          ss0.G[Stmts]'shared_info$int_shape
            ss0.G[Stmts]'shared_info$str_shape
              ss0.G[Stmts]'shared_info$no_shape
                ss0.stmts_scope
                  ss0.stmts_scope$enclosing.entities
                    ss0.stmts_scope$enclosing.enclosing
                      ss0.stmts_scope$enclosing
                        ss0.stmts_scope$entities
                          ss1.G[Stmts]'shared_info
                            ss1.G[Stmts]'shared_info$int_shape.entity_used
                              ss1.G[Stmts]'shared_info$str_shape.entity_used
                                ss1.G[Stmts]'shared_info$root_scope
                                  ss1.G[Stmts]'shared_info$not_found
                                    ss1.G[Stmts]'shared_info$int_shape
                                      ss1.G[Stmts]'shared_info$str_shape
                                        ss1.G[Stmts]'shared_info$no_shape
                                          ss1.stmts_scope
                                            ss1.stmts_scope$enclosing.entities
                                              ss1.stmts_scope$enclosing.enclosing
                                                ss1.stmts_scope$enclosing
                                                  ss1.stmts_scope$entities
                                                    ss1.G[Stmts]'shared_info$int_shape.entity_used!
                                                      ss1.G[Stmts]'shared_info$str_shape.entity_used!
                                                        ss1.G[Stmts]'shared_info$msgs!
                                                          ss1.stmts_scope$enclosing.entities.entity_used!
                                                            ss1.stmts_scope$entities.entity_used!
                                                              s.G[Stmt]'shared_info
                                                                s.G[Stmt]'shared_info$int_shape.entity_used
                                                                  s.G[Stmt]'shared_info$str_shape.entity_used
                                                                    s.G[Stmt]'shared_info$root_scope
                                                                      s.G[Stmt]'shared_info$not_found
                                                                        s.G[Stmt]'shared_info$int_shape
                                                                          s.G[Stmt]'shared_info$str_shape
                                                                            s.G[Stmt]'shared_info$no_shape
                                                                              s.stmt_scope
                                                                                s.stmt_scope$enclosing.entities
                                                                                  s.stmt_scope$enclosing.enclosing
                                                                                    s.stmt_scope$enclosing
                                                                                      s.stmt_scope$entities
                                                                                        s.G[Stmt]'shared_info$int_shape.entity_used!
                                                                                          ss0.G[Stmts]'shared_info$int_shape.entity_used!
                                                                                            s.G[Stmt]'shared_info$str_shape.entity_used!
                                                                                              ss0.G[Stmts]'shared_info$str_shape.entity_used!
                                                                                                s.G[Stmt]'shared_info$msgs!
                                                                                                  ss0.G[Stmts]'shared_info$msgs!
                                                                                                    s.stmt_scope$enclosing.entities.entity_used!
                                                                                                      ss0.stmts_scope$enclosing.entities.entity_used!
                                                                                                        s.stmt_scope$entities.entity_used!
                                                                                                          ss0.stmts_scope$entities.entity_used!
Scheduling conditional total order for block_stmt
s.G[Stmt]'shared_info
  s.G[Stmt]'shared_info$int_shape.entity_used
    s.G[Stmt]'shared_info$str_shape.entity_used
      s.G[Stmt]'shared_info$root_scope
        s.G[Stmt]'shared_info$not_found
          s.G[Stmt]'shared_info$int_shape
            s.G[Stmt]'shared_info$str_shape
              s.G[Stmt]'shared_info$no_shape
                s.stmt_scope
                  s.stmt_scope$enclosing.entities
                    s.stmt_scope$enclosing.enclosing
                      s.stmt_scope$enclosing
                        s.stmt_scope$entities
                          b.G[Block]'shared_info
                            b.G[Block]'shared_info$int_shape.entity_used
                              b.G[Block]'shared_info$str_shape.entity_used
                                b.G[Block]'shared_info$root_scope
                                  b.G[Block]'shared_info$not_found
                                    b.G[Block]'shared_info$int_shape
                                      b.G[Block]'shared_info$str_shape
                                        b.G[Block]'shared_info$no_shape
                                          b.block_scope
                                            b.block_scope$enclosing.entities
                                              b.block_scope$enclosing.enclosing
                                                b.block_scope$enclosing
                                                  b.block_scope$entities
                                                    b.G[Block]'shared_info$int_shape.entity_used!
                                                      s.G[Stmt]'shared_info$int_shape.entity_used!
                                                        b.G[Block]'shared_info$str_shape.entity_used!
                                                          s.G[Stmt]'shared_info$str_shape.entity_used!
                                                            b.G[Block]'shared_info$msgs!
                                                              s.G[Stmt]'shared_info$msgs!
                                                                b.block_scope$enclosing.entities.entity_used!
                                                                  s.stmt_scope$enclosing.entities.entity_used!
                                                                    b.block_scope$entities.entity_used!
                                                                      s.stmt_scope$entities.entity_used!
Scheduling conditional total order for assign_stmt
s.G[Stmt]'shared_info
  s.G[Stmt]'shared_info$int_shape.entity_used
    s.G[Stmt]'shared_info$str_shape.entity_used
      s.G[Stmt]'shared_info$root_scope
        s.G[Stmt]'shared_info$not_found
          s.G[Stmt]'shared_info$int_shape
            s.G[Stmt]'shared_info$str_shape
              s.G[Stmt]'shared_info$no_shape
                s.stmt_scope
                  s.stmt_scope$enclosing.entities
                    s.stmt_scope$enclosing.enclosing
                      s.stmt_scope$enclosing
                        s.stmt_scope$entities
                          s.G[Stmt]'shared_info$int_shape.entity_used!
                            s.G[Stmt]'shared_info$str_shape.entity_used!
                              e1.G[Expr]'shared_info
                                e1.G[Expr]'shared_info$root_scope
                                  e1.G[Expr]'shared_info$not_found
                                    e1.G[Expr]'shared_info$int_shape
                                      e1.G[Expr]'shared_info$str_shape
                                        e1.G[Expr]'shared_info$no_shape
                                          e1.expr_scope
                                            e1.expr_scope$enclosing.entities
                                              e1.expr_scope$enclosing.enclosing
                                                e1.expr_scope$enclosing
                                                  e1.expr_scope$entities
                                                    e1.G[Expr]'shared_info$msgs!
                                                      e1.expr_shape
                                                        e1.expr_scope$enclosing.entities.entity_used!
                                                          e1.expr_scope$entities.entity_used!
                                                            e2.G[Expr]'shared_info
                                                              e2.G[Expr]'shared_info$root_scope
                                                                e2.G[Expr]'shared_info$not_found
                                                                  e2.G[Expr]'shared_info$int_shape
                                                                    e2.G[Expr]'shared_info$str_shape
                                                                      e2.G[Expr]'shared_info$no_shape
                                                                        e2.expr_scope
                                                                          e2.expr_scope$enclosing.entities
                                                                            e2.expr_scope$enclosing.enclosing
                                                                              e2.expr_scope$enclosing
                                                                                e2.expr_scope$entities
                                                                                  e2.G[Expr]'shared_info$msgs!
                                                                                    e2.expr_shape
                                                                                      <cond@120>
                                                                                        s.G[Stmt]'shared_info$msgs!
                                                                                          e2.expr_scope$enclosing.entities.entity_used!
                                                                                            s.stmt_scope$enclosing.entities.entity_used!
                                                                                              e2.expr_scope$entities.entity_used!
                                                                                                s.stmt_scope$entities.entity_used!
                                                                                        s.G[Stmt]'shared_info$msgs!
                                                                                          e2.expr_scope$enclosing.entities.entity_used!
                                                                                            s.stmt_scope$enclosing.entities.entity_used!
                                                                                              e2.expr_scope$entities.entity_used!
                                                                                                s.stmt_scope$entities.entity_used!
Scheduling conditional total order for intconstant
e.G[Expr]'shared_info
  e.G[Expr]'shared_info$root_scope
    e.G[Expr]'shared_info$not_found
      e.G[Expr]'shared_info$int_shape
        e.G[Expr]'shared_info$str_shape
          e.G[Expr]'shared_info$no_shape
            e.expr_scope
              e.expr_scope$enclosing.entities
                e.expr_scope$enclosing.enclosing
                  e.expr_scope$enclosing
                    e.expr_scope$entities
                      e.G[Expr]'shared_info$msgs!
                        e.expr_shape
                          e.expr_scope$enclosing.entities.entity_used!
                            e.expr_scope$entities.entity_used!
Scheduling conditional total order for strconstant
e.G[Expr]'shared_info
  e.G[Expr]'shared_info$root_scope
    e.G[Expr]'shared_info$not_found
      e.G[Expr]'shared_info$int_shape
        e.G[Expr]'shared_info$str_shape
          e.G[Expr]'shared_info$no_shape
            e.expr_scope
              e.expr_scope$enclosing.entities
                e.expr_scope$enclosing.enclosing
                  e.expr_scope$enclosing
                    e.expr_scope$entities
                      e.G[Expr]'shared_info$msgs!
                        e.expr_shape
                          e.expr_scope$enclosing.entities.entity_used!
                            e.expr_scope$entities.entity_used!
Scheduling conditional total order for variable
e.G[Expr]'shared_info
  e.G[Expr]'shared_info$root_scope
    e.G[Expr]'shared_info$not_found
      e.G[Expr]'shared_info$int_shape
        e.G[Expr]'shared_info$str_shape
          e.G[Expr]'shared_info$no_shape
            e.expr_scope
              e.expr_scope$enclosing.entities
                e.expr_scope$enclosing.enclosing
                  e.expr_scope$enclosing
                    e.expr_scope$entities
                      lookup(...):133.G[lookup]'shared_info
                        lookup(...):133.G[lookup]'shared_info$root_scope
                          lookup(...):133.G[lookup]'shared_info$not_found
                            lookup(...):133.scope
                              lookup(...):133.scope$enclosing.entities
                                lookup(...):133.scope$enclosing.enclosing
                                  lookup(...):133.scope$enclosing
                                    lookup(...):133.scope$entities
                                      lookup(...):133.name
                                        lookup(...):133.result
                                          decl
                                            <cond@140>
                                              e.G[Expr]'shared_info$msgs!
                                                decl$entity_used!
                                                  lookup(...):133.result$entity_used!
                                                    lookup(...):133.scope$enclosing.entities.entity_used!
                                                      e.expr_scope$enclosing.entities.entity_used!
                                                        lookup(...):133.scope$entities.entity_used!
                                                          e.expr_scope$entities.entity_used!
                                                            entity_shape(...):139.G[entity_shape]'shared_info
                                                              entity_shape(...):139.e
                                                                entity_shape(...):139.result
                                                                  e.expr_shape
                                              e.G[Expr]'shared_info$msgs!
                                                e.expr_shape
                                                  decl$entity_used!
                                                    lookup(...):133.result$entity_used!
                                                      lookup(...):133.scope$enclosing.entities.entity_used!
                                                        e.expr_scope$enclosing.entities.entity_used!
                                                          lookup(...):133.scope$entities.entity_used!
                                                            e.expr_scope$entities.entity_used!
                                                              entity_shape(...):139.G[entity_shape]'shared_info
                                                                entity_shape(...):139.e
                                                                  entity_shape(...):139.result
Scheduling conditional total order for lookup
lookup.G[lookup]'shared_info
  lookup.G[lookup]'shared_info$root_scope
    lookup.G[lookup]'shared_info$not_found
      lookup.scope
        <cond@156>
          lookup.scope$enclosing.entities
            lookup.scope$enclosing.enclosing
              lookup.scope$enclosing
                lookup.scope$entities
                  lookup.name
                    e
                      n
                        <match@150>
                          e$entity_used!
                            _
                              enc
                                enc$enclosing.entities
                                  enc$enclosing.enclosing
                                    enc$enclosing
                                      enc$entities
                                        lookup(...):154.G[lookup]'shared_info
                                          lookup(...):154.G[lookup]'shared_info$root_scope
                                            lookup(...):154.G[lookup]'shared_info$not_found
                                              lookup(...):154.scope
                                                lookup(...):154.scope$enclosing.entities
                                                  lookup(...):154.scope$enclosing.enclosing
                                                    lookup(...):154.scope$enclosing
                                                      lookup(...):154.scope$entities
                                                        lookup(...):154.name
                                                          lookup(...):154.result
                                                            lookup.result
                                                              lookup.result$entity_used!
                                                                lookup.scope$entities.entity_used!
                                                                  lookup(...):154.result$entity_used!
                                                                    lookup(...):154.scope$enclosing.entities.entity_used!
                                                                      enc$enclosing.entities.entity_used!
                                                                        lookup(...):154.scope$entities.entity_used!
                                                                          enc$entities.entity_used!
                                                                            lookup.scope$enclosing.entities.entity_used!
                          lookup.result
                            lookup.result$entity_used!
                              lookup.scope$enclosing.entities.entity_used!
                                e$entity_used!
                                  lookup.scope$entities.entity_used!
                                    _
                                      enc (ignored)
                                        enc$enclosing.entities (ignored)
                                          enc$enclosing.enclosing (ignored)
                                            enc$enclosing (ignored)
                                              enc$entities (ignored)
                                                enc$enclosing.entities.entity_used! (ignored)
                                                  enc$entities.entity_used! (ignored)
                                                    lookup(...):154.G[lookup]'shared_info
                                                      lookup(...):154.G[lookup]'shared_info$root_scope
                                                        lookup(...):154.G[lookup]'shared_info$not_found
                                                          lookup(...):154.scope
                                                            lookup(...):154.scope$enclosing.entities
                                                              lookup(...):154.scope$enclosing.enclosing
                                                                lookup(...):154.scope$enclosing
                                                                  lookup(...):154.scope$entities
                                                                    lookup(...):154.name
                                                                      lookup(...):154.result
                                                                        lookup(...):154.result$entity_used!
                                                                          lookup(...):154.scope$enclosing.entities.entity_used!
                                                                            lookup(...):154.scope$entities.entity_used!
          <match@150> (ignored)
            lookup.scope$enclosing.entities
              lookup.scope$enclosing.enclosing
                lookup.scope$enclosing
                  lookup.scope$entities
                    lookup.name
                      lookup.result
                        lookup.result$entity_used!
                          lookup.scope$enclosing.entities.entity_used!
                            e
                              e$entity_used!
                                lookup.scope$entities.entity_used!
                                  n
                                    _
                                      enc (ignored)
                                        enc$enclosing.entities (ignored)
                                          enc$enclosing.enclosing (ignored)
                                            enc$enclosing (ignored)
                                              enc$entities (ignored)
                                                enc$enclosing.entities.entity_used! (ignored)
                                                  enc$entities.entity_used! (ignored)
                                                    lookup(...):154.G[lookup]'shared_info
                                                      lookup(...):154.G[lookup]'shared_info$root_scope
                                                        lookup(...):154.G[lookup]'shared_info$not_found
                                                          lookup(...):154.scope
                                                            lookup(...):154.scope$enclosing.entities
                                                              lookup(...):154.scope$enclosing.enclosing
                                                                lookup(...):154.scope$enclosing
                                                                  lookup(...):154.scope$entities
                                                                    lookup(...):154.name
                                                                      lookup(...):154.result
                                                                        lookup(...):154.result$entity_used!
                                                                          lookup(...):154.scope$enclosing.entities.entity_used!
                                                                            lookup(...):154.scope$entities.entity_used!
Scheduling conditional total order for global dependencies
NAME_RESOLUTION.G[Program]'shared_info
  root_scope
    NAME_RESOLUTION.G[Program]'shared_info$root_scope
      not_found
        NAME_RESOLUTION.G[Program]'shared_info$not_found
          int_shape
            NAME_RESOLUTION.G[Program]'shared_info$int_shape
              int_shape$entity_used
                NAME_RESOLUTION.G[Program]'shared_info$int_shape.entity_used
                  str_shape
                    NAME_RESOLUTION.G[Program]'shared_info$str_shape
                      str_shape$entity_used
                        NAME_RESOLUTION.G[Program]'shared_info$str_shape.entity_used
                          no_shape
                            NAME_RESOLUTION.G[Program]'shared_info$no_shape
                              NAME_RESOLUTION.G[Program]'shared_info$int_shape.entity_used!
                                NAME_RESOLUTION.G[Program]'shared_info$str_shape.entity_used!
                                  NAME_RESOLUTION.G[Program]'shared_info$msgs!
                                    msgs
                                      int_shape$entity_used!
                                        str_shape$entity_used!
